Archive member included because of file (symbol)

R:\fehqt\Proteus/EWL/lib/armv7e-m\libc.a(sprintf.o)
                              Libraries\FEHLCD.o (sprintf)
R:\fehqt\Proteus/EWL/lib/armv7e-m\libc.a(vsnprintf.o)
                              R:\fehqt\Proteus/EWL/lib/armv7e-m\libc.a(sprintf.o) (vsnprintf)
R:\fehqt\Proteus/EWL/lib/armv7e-m\libc.a(exit.o)
                              Startup\__arm_start.o (exit)
R:\fehqt\Proteus/EWL/lib/armv7e-m\libc.a(memcpy.o)
                              R:\fehqt\Proteus/EWL/lib/armv7e-m\libc.a(vsnprintf.o) (memcpy)
R:\fehqt\Proteus/EWL/lib/armv7e-m\libc.a(memset.o)
                              Startup\__arm_start.o (memset)
R:\fehqt\Proteus/EWL/lib/armv7e-m\libc.a(printformat_.o)
                              (__pformatter_)
R:\fehqt\Proteus/EWL/lib/armv7e-m\libc.a(scanformat_.o)
                              (__sformatter)
R:\fehqt\Proteus/EWL/lib/armv7e-m\libc.a(ctype_aeabi.o)
                              R:\fehqt\Proteus/EWL/lib/armv7e-m\libc.a(scanformat_.o) (isspace)
R:\fehqt\Proteus/EWL/lib/armv7e-m\libc.a(__strtoul.o)
                              R:\fehqt\Proteus/EWL/lib/armv7e-m\libc.a(scanformat_.o) (__strtoul)
R:\fehqt\Proteus/EWL/lib/armv7e-m\libc.a(__filll_mem.o)
                              R:\fehqt\Proteus/EWL/lib/armv7e-m\libc.a(memset.o) (__fill_mem)
R:\fehqt\Proteus/EWL/lib/armv7e-m\libc.a(memchr.o)
                              R:\fehqt\Proteus/EWL/lib/armv7e-m\libc.a(printformat_.o) (memchr)
R:\fehqt\Proteus/EWL/lib/armv7e-m\libc.a(strchr.o)
                              R:\fehqt\Proteus/EWL/lib/armv7e-m\libc.a(printformat_.o) (strchr)
R:\fehqt\Proteus/EWL/lib/armv7e-m\libc.a(strlen.o)
                              R:\fehqt\Proteus/EWL/lib/armv7e-m\libc.a(printformat_.o) (strlen)
r:/fehqt/proteus/gcc/bin/../lib/gcc/arm-none-eabi/4.6.2/armv7e-m\libgcc.a(_arm_addsubdf3.o)
                              Libraries\FEHUtility.o (__aeabi_dadd)
r:/fehqt/proteus/gcc/bin/../lib/gcc/arm-none-eabi/4.6.2/armv7e-m\libgcc.a(_arm_muldivdf3.o)
                              Libraries\FEHMotor.o (__aeabi_dmul)
r:/fehqt/proteus/gcc/bin/../lib/gcc/arm-none-eabi/4.6.2/armv7e-m\libgcc.a(_arm_fixdfsi.o)
                              Libraries\FEHIO.o (__aeabi_d2iz)
r:/fehqt/proteus/gcc/bin/../lib/gcc/arm-none-eabi/4.6.2/armv7e-m\libgcc.a(_arm_fixunsdfsi.o)
                              Libraries\FEHMotor.o (__aeabi_d2uiz)
r:/fehqt/proteus/gcc/bin/../lib/gcc/arm-none-eabi/4.6.2/armv7e-m\libgcc.a(_arm_truncdfsf2.o)
                              Libraries\FEHIO.o (__aeabi_d2f)
r:/fehqt/proteus/gcc/bin/../lib/gcc/arm-none-eabi/4.6.2/armv7e-m\libgcc.a(_arm_addsubsf3.o)
                              Libraries\FEHLCD.o (__aeabi_fsub)
r:/fehqt/proteus/gcc/bin/../lib/gcc/arm-none-eabi/4.6.2/armv7e-m\libgcc.a(_arm_muldivsf3.o)
                              Drivers\mcg.o (__aeabi_fmul)
r:/fehqt/proteus/gcc/bin/../lib/gcc/arm-none-eabi/4.6.2/armv7e-m\libgcc.a(_arm_cmpsf2.o)
                              Libraries\FEHLCD.o (__aeabi_fcmpge)
r:/fehqt/proteus/gcc/bin/../lib/gcc/arm-none-eabi/4.6.2/armv7e-m\libgcc.a(_arm_fixsfsi.o)
                              Libraries\FEHLCD.o (__aeabi_f2iz)
r:/fehqt/proteus/gcc/bin/../lib/gcc/arm-none-eabi/4.6.2/armv7e-m\libgcc.a(_arm_fixunssfsi.o)
                              Drivers\mcg.o (__aeabi_f2uiz)
R:\fehqt\Proteus/EWL/lib/armv7e-m\librt.a(gcc_ctor_dtor.o)
                              Startup\__arm_start.o (__init_cpp)
R:\fehqt\Proteus/EWL/lib/armv7e-m\librt.a(ROMCopy.o)
                              Startup\__arm_start.o (__copy_rom_sections_to_ram)
R:\fehqt\Proteus/EWL/lib/armv7e-m\librt.a(__arm_eabi_init.o)
                              R:\fehqt\Proteus/EWL/lib/armv7e-m\libc.a(exit.o) (__destroy_global_chain)
R:\fehqt\Proteus/EWL/lib/armv7e-m\librt.a(New.o)
                              Libraries\FEHIO.o (operator new(unsigned int))
r:/fehqt/proteus/gcc/bin/../lib/gcc/arm-none-eabi/4.6.2/../../../../arm-none-eabi/lib/armv7e-m\libsupc++.a(class_type_info.o)
                              R:\fehqt\Proteus/EWL/lib/armv7e-m\librt.a(New.o) (vtable for __cxxabiv1::__class_type_info)
r:/fehqt/proteus/gcc/bin/../lib/gcc/arm-none-eabi/4.6.2/../../../../arm-none-eabi/lib/armv7e-m\libsupc++.a(eh_alloc.o)
                              R:\fehqt\Proteus/EWL/lib/armv7e-m\librt.a(New.o) (__cxa_allocate_exception)
r:/fehqt/proteus/gcc/bin/../lib/gcc/arm-none-eabi/4.6.2/../../../../arm-none-eabi/lib/armv7e-m\libsupc++.a(eh_arm.o)
                              R:\fehqt\Proteus/EWL/lib/armv7e-m\librt.a(New.o) (__cxa_end_cleanup)
r:/fehqt/proteus/gcc/bin/../lib/gcc/arm-none-eabi/4.6.2/../../../../arm-none-eabi/lib/armv7e-m\libsupc++.a(eh_aux_runtime.o)
                              r:/fehqt/proteus/gcc/bin/../lib/gcc/arm-none-eabi/4.6.2/../../../../arm-none-eabi/lib/armv7e-m\libsupc++.a(eh_arm.o) (__cxa_bad_typeid)
[...]
Memory Configuration

Name             Origin             Length             Attributes
m_interrupts     0x0000c000         0x00000400         xr
m_cfmprotrom     0x0000c400         0x00000010         xr
m_text           0x0000c410         0x00073bf0         xr
m_data           0x1fff0400         0x0000fc00         xrw
m_data2          0x20000000         0x00010000         xrw
*default*        0x00000000         0xffffffff

Linker script and memory map

LOAD ..\main.o
LOAD Startup\__arm_start.o
LOAD Startup\__arm_end.o
LOAD Startup\kinetis_sysinit.o
LOAD Libraries\FEHMotor.o
LOAD Drivers\mcg.o
LOAD Drivers\uart.o
LOAD Drivers\lptmr.o
LOAD FEHProteus.o
LOAD Drivers\FEHPropeller.o
LOAD Libraries\FEHUtility.o
LOAD Libraries\FEHIO.o
LOAD Drivers\adc16.o
LOAD Libraries\FEHBuzzer.o
LOAD Libraries\FEHServo.o
LOAD Libraries\FEHLCD.o
LOAD Libraries\FEHBattery.o
LOAD Drivers\FEHXBee.o
LOAD Libraries\FEHMOM.o
                0x0001013c                __pformatter = __pformatter_
                [0x00010534]                __sformatter = __sformatter
LOAD R:\fehqt\Proteus/EWL/lib/armv7e-m\libstdc++.a
LOAD R:\fehqt\Proteus/EWL/lib/armv7e-m\libm.a
START GROUP
LOAD R:\fehqt\Proteus/EWL/lib/armv7e-m\libc.a
LOAD R:\fehqt\Proteus/EWL/lib/armv7e-m\libc++.a
LOAD R:\fehqt\Proteus/EWL/lib/armv7e-m\libm.a
LOAD r:/fehqt/proteus/gcc/bin/../lib/gcc/arm-none-eabi/4.6.2/armv7e-m\libgcc.a
LOAD R:\fehqt\Proteus/EWL/lib/armv7e-m\librt.a
LOAD r:/fehqt/proteus/gcc/bin/../lib/gcc/arm-none-eabi/4.6.2/../../../../arm-none-eabi/lib/armv7e-m\libsupc++.a
END GROUP
                0x20000000                _estack = 0x20000000
                0x20000000                __SP_INIT = _estack
                0x00000800                __heap_size = 0x800
                0x00000800                __stack_size = 0x800

.interrupts     0x0000c000      0x1e0
                0x0000c000                __vector_table = .
                0x0000c000                . = ALIGN (0x4)
 *(.vectortable)
 .vectortable   0x0000c000      0x1e0 Startup\kinetis_sysinit.o
                0x0000c1e0                . = ALIGN (0x4)

.cfmprotect     0x0000c400        0x0
                0x0000c400                . = ALIGN (0x4)
 *(.cfmconfig)
                0x0000c400                . = ALIGN (0x4)

.text           0x0000c410     0x4f4c
                0x0000c410                . = ALIGN (0x4)
 *(.text)
 .text          0x0000c410      0x21c r:/fehqt/proteus/gcc/bin/../lib/gcc/arm-none-eabi/4.6.2/armv7e-m\libgcc.a(_arm_addsubsf3.o)
                0x0000c410                __aeabi_frsub
                0x0000c418                __subsf3
                0x0000c418                __aeabi_fsub
                0x0000c41c                __aeabi_fadd
                0x0000c41c                __addsf3
                0x0000c57c                __aeabi_ui2f
                0x0000c57c                __floatunsisf
                0x0000c584                __aeabi_i2f
                0x0000c584                __floatsisf
                0x0000c5a0                __aeabi_ul2f
                0x0000c5a0                __floatundisf
                0x0000c5b0                __aeabi_l2f
                0x0000c5b0                __floatdisf
 .text          0x0000c62c      0x2a0 r:/fehqt/proteus/gcc/bin/../lib/gcc/arm-none-eabi/4.6.2/armv7e-m\libgcc.a(_arm_muldivsf3.o)
                0x0000c62c                __mulsf3
                0x0000c62c                __aeabi_fmul
                0x0000c794                __aeabi_fdiv
                0x0000c794                __divsf3
 *(.text*)
 .text.main     0x0000c8cc      0x1b0 ..\main.o
                0x0000c8cc                main
 .text._Z18determineFrequencyi
                0x0000ca7c       0x94 ..\main.o
                0x0000ca7c                determineFrequency(int)
 .text.zero_fill_bss
                0x0000cb10       0x34 Startup\__arm_start.o
 .text.__thumb_startup
                0x0000cb44       0x34 Startup\__arm_start.o
                0x0000cb44                __thumb_startup
 .text.InitFEHProteus
                0x0000cb78      0x16c Startup\__arm_start.o
                0x0000cb78                InitFEHProteus
 .text.pll_init_bl
                0x0000cce4      0x130 Startup\__arm_start.o
 .text.InitPowerButton
                0x0000ce14       0x90 Startup\__arm_start.o
                0x0000ce14                InitPowerButton
 .text._ExitProcess
                0x0000cea4        0xc Startup\__arm_end.o
                0x0000cea4                _ExitProcess
 .text.Default_Handler
                0x0000ceb0        0xc Startup\kinetis_sysinit.o
                0x0000ceb0                BusFault_Handler()
                0x0000ceb0                HardFault_Handler()
                0x0000ceb0                SysTick_Handler()
                0x0000ceb0                PendSV_Handler()
                0x0000ceb0                DebugMonitor_Handler()
                0x0000ceb0                MemManage_Handler()
                0x0000ceb0                NMI_Handler()
                0x0000ceb0                SVC_Handler()
                0x0000ceb0                Default_Handler
                0x0000ceb0                UsageFault_Handler()
 .text.__init_hardware
                0x0000cebc       0x44 Startup\kinetis_sysinit.o
                0x0000cebc                __init_hardware
 .text._Z8PortDISRv
                0x0000cf00       0x5c Startup\kinetis_sysinit.o
                0x0000cf00                PortDISR()
 .text._Z9uart_initPV11UART_MemMapii
                0x0000cf5c      0x20c Drivers\uart.o
                0x0000cf5c                uart_init(UART_MemMap volatile*, int, int)
 .text._Z12uart_getcharPV11UART_MemMap
                0x0000d168       0x34 Drivers\uart.o
                0x0000d168                uart_getchar(UART_MemMap volatile*)
 .text._Z13time_delay_msm
                0x0000d19c       0xa4 Drivers\lptmr.o
                0x0000d19c                time_delay_ms(unsigned long)
 .text._Z41__static_initialization_and_destruction_0ii
                0x0000d240       0x30 FEHProteus.o
 .text._GLOBAL__sub_I_Propeller
                0x0000d270       0x14 FEHProteus.o
 .text._ZN12FEHPropellerC2Ev
                0x0000d284       0x20 Drivers\FEHPropeller.o
                0x0000d284                FEHPropeller::FEHPropeller()
                0x0000d284                FEHPropeller::FEHPropeller()
 .text._ZN12FEHPropeller10InitializeEv
                0x0000d2a4       0x94 Drivers\FEHPropeller.o
                0x0000d2a4                FEHPropeller::Initialize()
 .text._ZL5Delaymjj
                0x0000d338       0xc4 Libraries\FEHUtility.o
 .text._Z5Sleepi
                0x0000d3fc       0x34 Libraries\FEHUtility.o
                0x0000d3fc                Sleep(int)
 .text._Z9ResetTimev
                0x0000d430       0x4c Libraries\FEHUtility.o
                0x0000d430                ResetTime()
 .text._ZN15DigitalInputPinC2EN5FEHIO8FEHIOPinE
                0x0000d47c       0x24 Libraries\FEHIO.o
                0x0000d47c                DigitalInputPin::DigitalInputPin(FEHIO::FEHIOPin)
                0x0000d47c                DigitalInputPin::DigitalInputPin(FEHIO::FEHIOPin)
 .text._ZN15DigitalInputPinC2Ev
                0x0000d4a0       0x18 Libraries\FEHIO.o
                0x0000d4a0                DigitalInputPin::DigitalInputPin()
                0x0000d4a0                DigitalInputPin::DigitalInputPin()
 .text._ZN15DigitalInputPin10InitializeEN5FEHIO8FEHIOPinE
                0x0000d4b8      0x224 Libraries\FEHIO.o
                0x0000d4b8                DigitalInputPin::Initialize(FEHIO::FEHIOPin)
 .text._ZN15DigitalInputPin5ValueEv
                0x0000d6dc      0x148 Libraries\FEHIO.o
                0x0000d6dc                DigitalInputPin::Value()
 .text._ZN14AnalogInputPinC2EN5FEHIO8FEHIOPinE
                0x0000d824       0x20 Libraries\FEHIO.o
                0x0000d824                AnalogInputPin::AnalogInputPin(FEHIO::FEHIOPin)
                0x0000d824                AnalogInputPin::AnalogInputPin(FEHIO::FEHIOPin)
 .text._ZN10FEHEncoder12EncoderValueEv
                0x0000d844       0xe4 Libraries\FEHIO.o
                0x0000d844                FEHEncoder::EncoderValue()
 .text._ZN14AnalogInputPin8InitADCsEv
                0x0000d928      0x120 Libraries\FEHIO.o
                0x0000d928                AnalogInputPin::InitADCs()
 .text._Z8pit0_isrv
                0x0000da48       0x1c Libraries\FEHIO.o
                0x0000da48                pit0_isr()
 .text._ZN10FEHEncoder4InitEv
                0x0000da64       0x64 Libraries\FEHIO.o
                0x0000da64                FEHEncoder::Init()
 .text._ZN10FEHEncoder14SetCounterInitEj
                0x0000dac8       0x20 Libraries\FEHIO.o
                0x0000dac8                FEHEncoder::SetCounterInit(unsigned int)
 .text._ZN10FEHEncoder10ProcessIntEv
                0x0000dae8       0x80 Libraries\FEHIO.o
                0x0000dae8                FEHEncoder::ProcessInt()
 .text._ZN10FEHEncoder14ProcessIntSelfEv
                0x0000db68       0x80 Libraries\FEHIO.o
                0x0000db68                FEHEncoder::ProcessIntSelf()
 .text._ZN11ButtonBoardC2EN5FEHIO9FEHIOPortE
                0x0000dbe8      0x10c Libraries\FEHIO.o
                0x0000dbe8                ButtonBoard::ButtonBoard(FEHIO::FEHIOPort)
                0x0000dbe8                ButtonBoard::ButtonBoard(FEHIO::FEHIOPort)
 .text._ZN11ButtonBoard13MiddlePressedEv
                0x0000dcf4       0x28 Libraries\FEHIO.o
                0x0000dcf4                ButtonBoard::MiddlePressed()
 .text._Z7ADC_CalPV10ADC_MemMap
                0x0000dd1c      0x14c Drivers\adc16.o
                0x0000dd1c                ADC_Cal(ADC_MemMap volatile*)
 .text._Z14ADC_Config_AltPV10ADC_MemMapP7adc_cfg
                0x0000de68       0x6c Drivers\adc16.o
                0x0000de68                ADC_Config_Alt(ADC_MemMap volatile*, adc_cfg*)
 .text._ZN9FEHBuzzerC2Ev
                0x0000ded4       0x18 Libraries\FEHBuzzer.o
                0x0000ded4                FEHBuzzer::FEHBuzzer()
                0x0000ded4                FEHBuzzer::FEHBuzzer()
 .text._Z41__static_initialization_and_destruction_0ii
                0x0000deec       0x30 Libraries\FEHBuzzer.o
 .text._GLOBAL__sub_I_Buzzer
                0x0000df1c       0x14 Libraries\FEHBuzzer.o
 .text._ZN6FEHLCDC2Ev
                0x0000df30       0x64 Libraries\FEHLCD.o
                0x0000df30                FEHLCD::FEHLCD()
                0x0000df30                FEHLCD::FEHLCD()
 .text._ZN6FEHLCD10InitializeEv
                0x0000df94       0x38 Libraries\FEHLCD.o
                0x0000df94                FEHLCD::Initialize()
 .text._ZN6FEHLCD10PrintImageEii
                0x0000dfcc       0xf4 Libraries\FEHLCD.o
                0x0000dfcc                FEHLCD::PrintImage(int, int)
 .text._ZN6FEHLCD22ConvertFEHColorTo24BitENS_11FEHLCDColorE
                0x0000e0c0       0x80 Libraries\FEHLCD.o
                0x0000e0c0                FEHLCD::ConvertFEHColorTo24Bit(FEHLCD::FEHLCDColor)
 .text._ZN6FEHLCD24Convert24BitColorTo16BitEj
                0x0000e140       0x40 Libraries\FEHLCD.o
                0x0000e140                FEHLCD::Convert24BitColorTo16Bit(unsigned int)
 .text._ZN6FEHLCD22ConvertRGBColorTo16BitEhhh
                0x0000e180       0x44 Libraries\FEHLCD.o
                0x0000e180                FEHLCD::ConvertRGBColorTo16Bit(unsigned char, unsigned char, unsigned char)
 .text._ZN6FEHLCD5ClearENS_11FEHLCDColorE
                0x0000e1c4       0x28 Libraries\FEHLCD.o
                0x0000e1c4                FEHLCD::Clear(FEHLCD::FEHLCDColor)
 .text._ZN6FEHLCD5ClearEj
                0x0000e1ec       0x2c Libraries\FEHLCD.o
                0x0000e1ec                FEHLCD::Clear(unsigned int)
 .text._ZN6FEHLCD5ClearEv
                0x0000e218       0x18 Libraries\FEHLCD.o
                0x0000e218                FEHLCD::Clear()
 .text._ZN6FEHLCD18SetBackgroundColorENS_11FEHLCDColorE
                0x0000e230       0x28 Libraries\FEHLCD.o
                0x0000e230                FEHLCD::SetBackgroundColor(FEHLCD::FEHLCDColor)
 .text._ZN6FEHLCD18SetBackgroundColorEj
                0x0000e258       0x28 Libraries\FEHLCD.o
                0x0000e258                FEHLCD::SetBackgroundColor(unsigned int)
 .text._ZN6FEHLCD12SetFontColorENS_11FEHLCDColorE
                0x0000e280       0x28 Libraries\FEHLCD.o
                0x0000e280                FEHLCD::SetFontColor(FEHLCD::FEHLCDColor)
 .text._ZN6FEHLCD12SetFontColorEj
                0x0000e2a8       0x28 Libraries\FEHLCD.o
                0x0000e2a8                FEHLCD::SetFontColor(unsigned int)
 .text._ZN6FEHLCD7WriteAtEPKcii
                0x0000e2d0       0x58 Libraries\FEHLCD.o
                0x0000e2d0                FEHLCD::WriteAt(char const*, int, int)
 .text._ZN6FEHLCD5WriteEPKc
                0x0000e328       0x5c Libraries\FEHLCD.o
                0x0000e328                FEHLCD::Write(char const*)
 .text._ZN6FEHLCD5WriteEi
                0x0000e384       0x34 Libraries\FEHLCD.o
                0x0000e384                FEHLCD::Write(int)
 .text._ZN6FEHLCD9WriteLineEPKc
                0x0000e3b8       0x28 Libraries\FEHLCD.o
                0x0000e3b8                FEHLCD::WriteLine(char const*)
 .text._ZN6FEHLCD11_InitializeEv
                0x0000e3e0      0x314 Libraries\FEHLCD.o
                0x0000e3e0                FEHLCD::_Initialize()
 .text._ZN6FEHLCD10WriteIndexEh
                0x0000e6f4      0x288 Libraries\FEHLCD.o
                0x0000e6f4                FEHLCD::WriteIndex(unsigned char)
 .text._ZN6FEHLCD14WriteParameterEh
                0x0000e97c      0x254 Libraries\FEHLCD.o
                0x0000e97c                FEHLCD::WriteParameter(unsigned char)
 .text._ZN6FEHLCD6_ClearEv
                0x0000ebd0      0x228 Libraries\FEHLCD.o
                0x0000ebd0                FEHLCD::_Clear()
 .text._ZN6FEHLCD8NextLineEv
                0x0000edf8       0x30 Libraries\FEHLCD.o
                0x0000edf8                FEHLCD::NextLine()
 .text._ZN6FEHLCD9CheckLineEv
                0x0000ee28       0x2c Libraries\FEHLCD.o
                0x0000ee28                FEHLCD::CheckLine()
 .text._ZN6FEHLCD8NextCharEv
                0x0000ee54       0x34 Libraries\FEHLCD.o
                0x0000ee54                FEHLCD::NextChar()
 .text._ZN6FEHLCD13SetDrawRegionEiiii
                0x0000ee88      0x10c Libraries\FEHLCD.o
                0x0000ee88                FEHLCD::SetDrawRegion(int, int, int, int)
 .text._ZN6FEHLCD9WriteCharEiic
                0x0000ef94       0x40 Libraries\FEHLCD.o
                0x0000ef94                FEHLCD::WriteChar(int, int, char)
 .text._ZN6FEHLCD11WriteCharAtEiic
                0x0000efd4      0x278 Libraries\FEHLCD.o
                0x0000efd4                FEHLCD::WriteCharAt(int, int, char)
 .text._ZN6FEHLCD11RepeatColorEv
                0x0000f24c       0xbc Libraries\FEHLCD.o
                0x0000f24c                FEHLCD::RepeatColor()
 .text._ZN6FEHLCD10_ForePixelEv
                0x0000f308      0x160 Libraries\FEHLCD.o
                0x0000f308                FEHLCD::_ForePixel()
 .text._ZN6FEHLCD10_BackPixelEv
                0x0000f468      0x160 Libraries\FEHLCD.o
                0x0000f468                FEHLCD::_BackPixel()
 .text._ZN6FEHLCD22SetRegisterColorValuesEv
                0x0000f5c8      0x4c0 Libraries\FEHLCD.o
                0x0000f5c8                FEHLCD::SetRegisterColorValues()
 .text._Z41__static_initialization_and_destruction_0ii
                0x0000fa88       0x30 Libraries\FEHLCD.o
 .text._GLOBAL__sub_I_image
                0x0000fab8       0x14 Libraries\FEHLCD.o
 .text._ZN10FEHBatteryC2EN5FEHIO8FEHIOPinE
                0x0000facc       0x24 Libraries\FEHBattery.o
                0x0000facc                FEHBattery::FEHBattery(FEHIO::FEHIOPin)
                0x0000facc                FEHBattery::FEHBattery(FEHIO::FEHIOPin)
 .text._Z41__static_initialization_and_destruction_0ii
                0x0000faf0       0x34 Libraries\FEHBattery.o
 .text._GLOBAL__sub_I_Battery
                0x0000fb24       0x14 Libraries\FEHBattery.o
 .text._ZN7FEHXBeeC2Ev
                0x0000fb38       0x20 Drivers\FEHXBee.o
                0x0000fb38                FEHXBee::FEHXBee()
                0x0000fb38                FEHXBee::FEHXBee()
 .text._ZN7FEHXBee17SetPacketCallBackEPFvPhhE
                0x0000fb58       0x20 Drivers\FEHXBee.o
                0x0000fb58                FEHXBee::SetPacketCallBack(void (*)(unsigned char*, unsigned char))
 .text._Z9UART0_ISRv
                0x0000fb78      0x174 Drivers\FEHXBee.o
                0x0000fb78                UART0_ISR()
 .text._ZN6FEHMOMC2Ev
                0x0000fcec       0x88 Libraries\FEHMOM.o
                0x0000fcec                FEHMOM::FEHMOM()
                0x0000fcec                FEHMOM::FEHMOM()
 .text._Z14MOMDataProcessPhh
                0x0000fd74      0x120 Libraries\FEHMOM.o
                0x0000fd74                MOMDataProcess(unsigned char*, unsigned char)
 .text._Z41__static_initialization_and_destruction_0ii
                0x0000fe94       0x30 Libraries\FEHMOM.o
 .text._GLOBAL__sub_I_MOM
                0x0000fec4       0x14 Libraries\FEHMOM.o
 .text.sprintf  0x0000fed8       0x1c R:\fehqt\Proteus/EWL/lib/armv7e-m\libc.a(sprintf.o)
                0x0000fed8                sprintf
 .text.__StringWrite
                0x0000fef4       0x28 R:\fehqt\Proteus/EWL/lib/armv7e-m\libc.a(vsnprintf.o)
                0x0000fef4                __StringWrite
 .text.vsnprintf
                0x0000ff1c       0x34 R:\fehqt\Proteus/EWL/lib/armv7e-m\libc.a(vsnprintf.o)
                0x0000ff1c                vsnprintf
 .text.exit     0x0000ff50       0x38 R:\fehqt\Proteus/EWL/lib/armv7e-m\libc.a(exit.o)
                0x0000ff50                exit
 .text.memcpy   0x0000ff88       0x12 R:\fehqt\Proteus/EWL/lib/armv7e-m\libc.a(memcpy.o)
                0x0000ff88                memcpy
 .text.memset   0x0000ff9a        0xc R:\fehqt\Proteus/EWL/lib/armv7e-m\libc.a(memset.o)
                0x0000ff9a                memset
 .text.long2str.isra.0
                0x0000ffa6      0x196 R:\fehqt\Proteus/EWL/lib/armv7e-m\libc.a(printformat_.o)
 .text.__pformatter_
                0x0001013c      0x3f8 R:\fehqt\Proteus/EWL/lib/armv7e-m\libc.a(printformat_.o)
                0x0001013c                __pformatter_
 .text.__sformatter
                0x00010534      0x74e R:\fehqt\Proteus/EWL/lib/armv7e-m\libc.a(scanformat_.o)
                0x00010534                __sformatter
 *fill*         0x00010c82        0x2 00
 .text.isalpha  0x00010c84       0x1c R:\fehqt\Proteus/EWL/lib/armv7e-m\libc.a(ctype_aeabi.o)
                0x00010c84                isalpha
 .text.isspace  0x00010ca0       0x1c R:\fehqt\Proteus/EWL/lib/armv7e-m\libc.a(ctype_aeabi.o)
                0x00010ca0                isspace
 .text.toupper  0x00010cbc        0xc R:\fehqt\Proteus/EWL/lib/armv7e-m\libc.a(ctype_aeabi.o)
                0x00010cbc                toupper
 .text.__strtoul
                0x00010cc8      0x1dc R:\fehqt\Proteus/EWL/lib/armv7e-m\libc.a(__strtoul.o)
                0x00010cc8                __strtoul
 .text.__fill_mem
                0x00010ea4       0x76 R:\fehqt\Proteus/EWL/lib/armv7e-m\libc.a(__filll_mem.o)
                0x00010ea4                __fill_mem
 .text.memchr   0x00010f1a       0x1a R:\fehqt\Proteus/EWL/lib/armv7e-m\libc.a(memchr.o)
                0x00010f1a                memchr
 .text.strchr   0x00010f34       0x1c R:\fehqt\Proteus/EWL/lib/armv7e-m\libc.a(strchr.o)
                0x00010f34                strchr
 .text.strlen   0x00010f50       0x10 R:\fehqt\Proteus/EWL/lib/armv7e-m\libc.a(strlen.o)
                0x00010f50                strlen
 .text.__init_cpp
                0x00010f60       0x4c R:\fehqt\Proteus/EWL/lib/armv7e-m\librt.a(gcc_ctor_dtor.o)
                0x00010f60                __init_cpp
 .text.__fini_cpp
                0x00010fac       0x34 R:\fehqt\Proteus/EWL/lib/armv7e-m\librt.a(gcc_ctor_dtor.o)
                0x00010fac                __fini_cpp
 .text.__copy_rom_section
                0x00010fe0       0x44 R:\fehqt\Proteus/EWL/lib/armv7e-m\librt.a(ROMCopy.o)
                0x00010fe0                __copy_rom_section
 .text.__copy_rom_sections_to_ram
                0x00011024       0x34 R:\fehqt\Proteus/EWL/lib/armv7e-m\librt.a(ROMCopy.o)
                0x00011024                __copy_rom_sections_to_ram
 .text.__destroy_global_chain
                0x00011058       0x1c R:\fehqt\Proteus/EWL/lib/armv7e-m\librt.a(__arm_eabi_init.o)
                0x00011058                __destroy_global_chain
 .text.__init_registers
                0x00011074       0x20 R:\fehqt\Proteus/EWL/lib/armv7e-m\librt.a(__arm_eabi_init.o)
                0x00011074                __init_registers
 .text.__init_user
                0x00011094        0x4 R:\fehqt\Proteus/EWL/lib/armv7e-m\librt.a(__arm_eabi_init.o)
                0x00011094                __init_user
 *(.rodata)
 .rodata        0x00011098       0x44 ..\main.o
 .rodata        0x000110dc       0x34 Libraries\FEHLCD.o
 *(.rodata*)
 .rodata._ZL9GPIOPorts
                0x00011110       0x20 Libraries\FEHIO.o
 .rodata._ZL10ADCNumbers
                0x00011130       0x24 Libraries\FEHIO.o
 .rodata._ZL14GPIOPinNumbers
                0x00011154       0x80 Libraries\FEHIO.o
 .rodata._ZL16AnalogPinNumbers
                0x000111d4       0x84 Libraries\FEHIO.o
 .rodata.str1.1
                0x00011258        0x1 R:\fehqt\Proteus/EWL/lib/armv7e-m\libc.a(printformat_.o)
 .rodata.__aeabi_ctype_table_C
                0x00011259      0x101 R:\fehqt\Proteus/EWL/lib/armv7e-m\libc.a(ctype_aeabi.o)
                0x00011259                __aeabi_ctype_table_C
 *(.glue_7)
 .glue_7        0x00000000        0x0 linker stubs
 *(.glue_7t)
 .glue_7t       0x00000000        0x0 linker stubs
 *(.eh_frame)
 *(.init)
 *(.fini)
                0x0001135c                . = ALIGN (0x4)
 *fill*         0x0001135a        0x2 00
                0x0001135c                _etext = .

.vfp11_veneer   0x0001135c        0x0
 .vfp11_veneer  0x00000000        0x0 linker stubs

.v4_bx          0x0001135c        0x0
 .v4_bx         0x00000000        0x0 linker stubs

.ARM.extab
 *(.ARM.extab* .gnu.linkonce.armextab.*)

.ARM            0x0001135c        0x0
                0x0001135c                __exidx_start = .
 *(.ARM.exidx*)
                0x0001135c                __exidx_end = .

.ctors          0x0001135c        0x0
                0x0001135c                __CTOR_LIST__ = .
 *crtbegin.o(.ctors)
 *(EXCLUDE_FILE(*crtend.o) .ctors)
 *(SORT(.ctors.*))
 *(.ctors)
                0x0001135c                __CTOR_END__ = .

.dtors          0x0001135c        0x0
                0x0001135c                __DTOR_LIST__ = .
 *crtbegin.o(.dtors)
 *(EXCLUDE_FILE(*crtend.o) .dtors)
 *(SORT(.dtors.*))
 *(.dtors)
                0x0001135c                __DTOR_END__ = .

.preinit_array  0x0001135c        0x0
                0x0001135c                PROVIDE (__preinit_array_start, .)
 *(.preinit_array*)
                0x0001135c                PROVIDE (__preinit_array_end, .)

.init_array     0x0001135c       0x14
                0x0001135c                PROVIDE (__init_array_start, .)
 *(SORT(.init_array.*))
 *(.init_array*)
 .init_array    0x0001135c        0x4 FEHProteus.o
 .init_array    0x00011360        0x4 Libraries\FEHBuzzer.o
 .init_array    0x00011364        0x4 Libraries\FEHLCD.o
 .init_array    0x00011368        0x4 Libraries\FEHBattery.o
 .init_array    0x0001136c        0x4 Libraries\FEHMOM.o
                0x00011370                PROVIDE (__init_array_end, .)

.fini_array     0x00011370        0x0
                0x00011370                PROVIDE (__fini_array_start, .)
 *(SORT(.fini_array.*))
 *(.fini_array*)
                0x00011370                PROVIDE (__fini_array_end, .)
                0x00011370                ___ROM_AT = .

.data           0x1fff0400     0x321c load address 0x00011370
                0x1fff0400                . = ALIGN (0x4)
                0x1fff0400                _sdata = .
 *(.data)
 *(.data*)
 .data.image    0x1fff0400     0x303c Libraries\FEHLCD.o
                0x1fff0400                image
 .data._ZN6FEHLCD8fontDataE
                0x1fff343c      0x1e0 Libraries\FEHLCD.o
                0x1fff343c                FEHLCD::fontData
                0x1fff361c                . = ALIGN (0x4)
                0x1fff361c                _edata = .
                0x0000321c                ___data_size = (_edata - _sdata)
                0x0001458c                ___m_data2_ROMStart = (___ROM_AT + SIZEOF (.data))

.user_data2     0x20000000        0x0 load address 0x0001458c
                0x20000000                . = ALIGN (0x4)
                0x20000000                ___m_data2_RAMStart = .
 *(.data2)
                0x20000000                ___m_data2_RAMEnd = .
                0x20000000                . = ALIGN (0x4)
                0x00000000                ___m_data2_ROMSize = (___m_data2_RAMEnd - ___m_data2_RAMStart)
                0x20000000                . = ALIGN (0x4)

.bss            0x1fff361c       0xcc load address 0x0001458c
                0x1fff361c                __START_BSS = .
                0x1fff361c                PROVIDE (__bss_start__, __START_BSS)
 *(.bss)
 *(.bss*)
 .bss._ZL4argv  0x1fff361c        0x4 Startup\__arm_start.o
 .bss.Propeller
                0x1fff3620        0x4 FEHProteus.o
                0x1fff3620                Propeller
 .bss.CoreClockKHz
                0x1fff3624        0x4 FEHProteus.o
                0x1fff3624                CoreClockKHz
 .bss.CoreClockMHz
                0x1fff3628        0x4 FEHProteus.o
                0x1fff3628                CoreClockMHz
 .bss.PeripheralClockKHz
                0x1fff362c        0x4 FEHProteus.o
                0x1fff362c                PeripheralClockKHz
 .bss._ZN14AnalogInputPin17Master_Adc_ConfigE
                0x1fff3630       0x10 Libraries\FEHIO.o
                0x1fff3630                AnalogInputPin::Master_Adc_Config
 .bss._ZN14AnalogInputPin18Encoder_Adc_ConfigE
                0x1fff3640       0x10 Libraries\FEHIO.o
                0x1fff3640                AnalogInputPin::Encoder_Adc_Config
 .bss._ZN10FEHEncoder7pinListE
                0x1fff3650        0x4 Libraries\FEHIO.o
                0x1fff3650                FEHEncoder::pinList
 .bss.Buzzer    0x1fff3654        0x4 Libraries\FEHBuzzer.o
                0x1fff3654                Buzzer
 .bss.LCD       0x1fff3658       0x3c Libraries\FEHLCD.o
                0x1fff3658                LCD
 .bss.initialized
                0x1fff3694        0x1 Libraries\FEHLCD.o
                0x1fff3694                initialized
 *fill*         0x1fff3695        0x3 00
 .bss.Battery   0x1fff3698        0x4 Libraries\FEHBattery.o
                0x1fff3698                Battery
 .bss.XBeeDataProcess
                0x1fff369c        0x4 Drivers\FEHXBee.o
                0x1fff369c                XBeeDataProcess
 .bss._xbeebuffer
                0x1fff36a0       0x10 Drivers\FEHXBee.o
                0x1fff36a0                _xbeebuffer
 .bss._xbeebufferindex
                0x1fff36b0        0x1 Drivers\FEHXBee.o
                0x1fff36b0                _xbeebufferindex
 .bss._xbeestate
                0x1fff36b1        0x1 Drivers\FEHXBee.o
                0x1fff36b1                _xbeestate
 .bss._xbeebytereceived
                0x1fff36b2        0x1 Drivers\FEHXBee.o
                0x1fff36b2                _xbeebytereceived
 .bss._xbeebyte
                0x1fff36b3        0x1 Drivers\FEHXBee.o
                0x1fff36b3                _xbeebyte
 .bss.MOM       0x1fff36b4        0x8 Libraries\FEHMOM.o
                0x1fff36b4                MOM
 .bss._enabled  0x1fff36bc        0x1 Libraries\FEHMOM.o
                0x1fff36bc                _enabled
 *fill*         0x1fff36bd        0x3 00
 .bss._mom_x    0x1fff36c0        0x4 Libraries\FEHMOM.o
                0x1fff36c0                _mom_x
 .bss._mom_y    0x1fff36c4        0x4 Libraries\FEHMOM.o
                0x1fff36c4                _mom_y
 .bss._mom_heading
                0x1fff36c8        0x4 Libraries\FEHMOM.o
                0x1fff36c8                _mom_heading
 .bss._mom_objective
                0x1fff36cc        0x1 Libraries\FEHMOM.o
                0x1fff36cc                _mom_objective
 .bss._mom_time
                0x1fff36cd        0x1 Libraries\FEHMOM.o
                0x1fff36cd                _mom_time
 .bss._mom_stop
                0x1fff36ce        0x1 Libraries\FEHMOM.o
                0x1fff36ce                _mom_stop
 .bss._mom_foundpacket
                0x1fff36cf        0x1 Libraries\FEHMOM.o
                0x1fff36cf                _mom_foundpacket
 .bss.__stdio_exit
                0x1fff36d0        0x4 R:\fehqt\Proteus/EWL/lib/armv7e-m\libc.a(exit.o)
                0x1fff36d0                __stdio_exit
 .bss.__console_exit
                0x1fff36d4        0x4 R:\fehqt\Proteus/EWL/lib/armv7e-m\libc.a(exit.o)
                0x1fff36d4                __console_exit
 .bss.__S_romp  0x1fff36d8        0xc R:\fehqt\Proteus/EWL/lib/armv7e-m\librt.a(ROMCopy.o)
 .bss.__global_destructor_chain
                0x1fff36e4        0x4 R:\fehqt\Proteus/EWL/lib/armv7e-m\librt.a(__arm_eabi_init.o)
                0x1fff36e4                __global_destructor_chain
 *(COMMON)
                0x1fff36e8                . = ALIGN (0x4)
                0x1fff36e8                __END_BSS = .
                0x1fff36e8                PROVIDE (__bss_end__, __END_BSS)

._user_heap_stack
                0x1fff36e8     0x1000 load address 0x00014658
                0x1fff36e8                . = ALIGN (0x4)
                0x1fff36e8                PROVIDE (end, .)
                0x1fff36e8                PROVIDE (_end, .)
                0x1fff36e8                __heap_addr = .
                0x1fff3ee8                . = (. + __heap_size)
 *fill*         0x1fff36e8      0x800 00
                0x1fff46e8                . = (. + __stack_size)
 *fill*         0x1fff3ee8      0x800 00
                0x1fff46e8                . = ALIGN (0x4)
                0x0001458c                _romp_at = ((___ROM_AT + SIZEOF (.data)) + SIZEOF (.user_data2))

.romp           0x20000000       0x24 load address 0x0001458c
                0x0001458c                __S_romp = _romp_at
                0x20000000        0x4 LONG 0x11370 ___ROM_AT
                0x20000004        0x4 LONG 0x1fff0400 _sdata
                0x20000008        0x4 LONG 0x321c ___data_size
                0x2000000c        0x4 LONG 0x1458c ___m_data2_ROMStart
                0x20000010        0x4 LONG 0x20000000 ___m_data2_RAMStart
                0x20000014        0x4 LONG 0x0 ___m_data2_ROMSize
                0x20000018        0x4 LONG 0x0
                0x2000001c        0x4 LONG 0x0
                0x20000020        0x4 LONG 0x0

.ARM.attributes
                0x00000000       0x33
 *(.ARM.attributes)
 .ARM.attributes
                0x00000000       0x33 ..\main.o
 .ARM.attributes
                0x00000033       0x33 Startup\__arm_start.o
 .ARM.attributes
                0x00000066       0x33 Startup\__arm_end.o
 .ARM.attributes
                0x00000099       0x33 Startup\kinetis_sysinit.o
 .ARM.attributes
                0x000000cc       0x33 Drivers\uart.o
 .ARM.attributes
                0x000000ff       0x33 Drivers\lptmr.o
 .ARM.attributes
                0x00000132       0x33 FEHProteus.o
 .ARM.attributes
                0x00000165       0x33 Drivers\FEHPropeller.o
 .ARM.attributes
                0x00000198       0x33 Libraries\FEHUtility.o
 .ARM.attributes
                0x000001cb       0x33 Libraries\FEHIO.o
 .ARM.attributes
                0x000001fe       0x33 Drivers\adc16.o
 .ARM.attributes
                0x00000231       0x33 Libraries\FEHBuzzer.o
 .ARM.attributes
                0x00000264       0x33 Libraries\FEHLCD.o
 .ARM.attributes
                0x00000297       0x33 Libraries\FEHBattery.o
 .ARM.attributes
                0x000002ca       0x33 Drivers\FEHXBee.o
 .ARM.attributes
                0x000002fd       0x33 Libraries\FEHMOM.o
 .ARM.attributes
                0x00000330       0x33 R:\fehqt\Proteus/EWL/lib/armv7e-m\libc.a(sprintf.o)
 .ARM.attributes
                0x00000363       0x33 R:\fehqt\Proteus/EWL/lib/armv7e-m\libc.a(vsnprintf.o)
 .ARM.attributes
                0x00000396       0x33 R:\fehqt\Proteus/EWL/lib/armv7e-m\libc.a(exit.o)
 .ARM.attributes
                0x000003c9       0x33 R:\fehqt\Proteus/EWL/lib/armv7e-m\libc.a(memcpy.o)
 .ARM.attributes
                0x000003fc       0x33 R:\fehqt\Proteus/EWL/lib/armv7e-m\libc.a(memset.o)
 .ARM.attributes
                0x0000042f       0x33 R:\fehqt\Proteus/EWL/lib/armv7e-m\libc.a(printformat_.o)
 .ARM.attributes
                0x00000462       0x33 R:\fehqt\Proteus/EWL/lib/armv7e-m\libc.a(scanformat_.o)
 .ARM.attributes
                0x00000495       0x33 R:\fehqt\Proteus/EWL/lib/armv7e-m\libc.a(ctype_aeabi.o)
 .ARM.attributes
                0x000004c8       0x33 R:\fehqt\Proteus/EWL/lib/armv7e-m\libc.a(__strtoul.o)
 .ARM.attributes
                0x000004fb       0x33 R:\fehqt\Proteus/EWL/lib/armv7e-m\libc.a(__filll_mem.o)
 .ARM.attributes
                0x0000052e       0x33 R:\fehqt\Proteus/EWL/lib/armv7e-m\libc.a(memchr.o)
 .ARM.attributes
                0x00000561       0x33 R:\fehqt\Proteus/EWL/lib/armv7e-m\libc.a(strchr.o)
 .ARM.attributes
                0x00000594       0x33 R:\fehqt\Proteus/EWL/lib/armv7e-m\libc.a(strlen.o)
 .ARM.attributes
                0x000005c7       0x1e r:/fehqt/proteus/gcc/bin/../lib/gcc/arm-none-eabi/4.6.2/armv7e-m\libgcc.a(_arm_addsubsf3.o)
 .ARM.attributes
                0x000005e5       0x1e r:/fehqt/proteus/gcc/bin/../lib/gcc/arm-none-eabi/4.6.2/armv7e-m\libgcc.a(_arm_muldivsf3.o)
 .ARM.attributes
                0x00000603       0x33 R:\fehqt\Proteus/EWL/lib/armv7e-m\librt.a(gcc_ctor_dtor.o)
 .ARM.attributes
                0x00000636       0x33 R:\fehqt\Proteus/EWL/lib/armv7e-m\librt.a(ROMCopy.o)
 .ARM.attributes
                0x00000669       0x33 R:\fehqt\Proteus/EWL/lib/armv7e-m\librt.a(__arm_eabi_init.o)
OUTPUT(../SDPv2.elf elf32-littlearm)

.debug_info     0x00000000     0xbcac
 .debug_info    0x00000000      0xcdf ..\main.o
 .debug_info    0x00000cdf     0x1134 Startup\__arm_start.o
 .debug_info    0x00001e13       0x58 Startup\__arm_end.o
 .debug_info    0x00001e6b      0x4b3 Startup\kinetis_sysinit.o
 .debug_info    0x0000231e      0x59c Drivers\uart.o
 .debug_info    0x000028ba      0x2de Drivers\lptmr.o
 .debug_info    0x00002b98      0x1a7 FEHProteus.o
 .debug_info    0x00002d3f      0x722 Drivers\FEHPropeller.o
 .debug_info    0x00003461      0x36c Libraries\FEHUtility.o
 .debug_info    0x000037cd     0x1463 Libraries\FEHIO.o
 .debug_info    0x00004c30      0x4ab Drivers\adc16.o
 .debug_info    0x000050db      0xa42 Libraries\FEHBuzzer.o
 .debug_info    0x00005b1d     0x1f5b Libraries\FEHLCD.o
 .debug_info    0x00007a78      0x3a9 Libraries\FEHBattery.o
 .debug_info    0x00007e21      0xac3 Drivers\FEHXBee.o
 .debug_info    0x000088e4     0x136f Libraries\FEHMOM.o
 .debug_info    0x00009c53      0x11f R:\fehqt\Proteus/EWL/lib/armv7e-m\libc.a(sprintf.o)
 .debug_info    0x00009d72      0x206 R:\fehqt\Proteus/EWL/lib/armv7e-m\libc.a(vsnprintf.o)
 .debug_info    0x00009f78      0x103 R:\fehqt\Proteus/EWL/lib/armv7e-m\libc.a(exit.o)
 .debug_info    0x0000a07b      0x113 R:\fehqt\Proteus/EWL/lib/armv7e-m\libc.a(memcpy.o)
 .debug_info    0x0000a18e       0xf4 R:\fehqt\Proteus/EWL/lib/armv7e-m\libc.a(memset.o)
 .debug_info    0x0000a282      0x512 R:\fehqt\Proteus/EWL/lib/armv7e-m\libc.a(printformat_.o)
 .debug_info    0x0000a794      0x564 R:\fehqt\Proteus/EWL/lib/armv7e-m\libc.a(scanformat_.o)
 .debug_info    0x0000acf8      0x32a R:\fehqt\Proteus/EWL/lib/armv7e-m\libc.a(ctype_aeabi.o)
 .debug_info    0x0000b022      0x1d7 R:\fehqt\Proteus/EWL/lib/armv7e-m\libc.a(__strtoul.o)
 .debug_info    0x0000b1f9      0x13d R:\fehqt\Proteus/EWL/lib/armv7e-m\libc.a(__filll_mem.o)
 .debug_info    0x0000b336      0x129 R:\fehqt\Proteus/EWL/lib/armv7e-m\libc.a(memchr.o)
 .debug_info    0x0000b45f      0x110 R:\fehqt\Proteus/EWL/lib/armv7e-m\libc.a(strchr.o)
 .debug_info    0x0000b56f       0xf3 R:\fehqt\Proteus/EWL/lib/armv7e-m\libc.a(strlen.o)
 .debug_info    0x0000b662      0x1c0 R:\fehqt\Proteus/EWL/lib/armv7e-m\librt.a(gcc_ctor_dtor.o)
 .debug_info    0x0000b822      0x1b8 R:\fehqt\Proteus/EWL/lib/armv7e-m\librt.a(ROMCopy.o)
 .debug_info    0x0000b9da      0x2d2 R:\fehqt\Proteus/EWL/lib/armv7e-m\librt.a(__arm_eabi_init.o)

.debug_abbrev   0x00000000     0x2c04
 .debug_abbrev  0x00000000      0x214 ..\main.o
 .debug_abbrev  0x00000214      0x277 Startup\__arm_start.o
 .debug_abbrev  0x0000048b       0x45 Startup\__arm_end.o
 .debug_abbrev  0x000004d0      0x107 Startup\kinetis_sysinit.o
 .debug_abbrev  0x000005d7      0x15f Drivers\uart.o
 .debug_abbrev  0x00000736       0xd2 Drivers\lptmr.o
 .debug_abbrev  0x00000808      0x101 FEHProteus.o
 .debug_abbrev  0x00000909      0x1c6 Drivers\FEHPropeller.o
 .debug_abbrev  0x00000acf      0x154 Libraries\FEHUtility.o
 .debug_abbrev  0x00000c23      0x3e7 Libraries\FEHIO.o
 .debug_abbrev  0x0000100a      0x12a Drivers\adc16.o
 .debug_abbrev  0x00001134      0x1da Libraries\FEHBuzzer.o
 .debug_abbrev  0x0000130e      0x377 Libraries\FEHLCD.o
 .debug_abbrev  0x00001685      0x1cb Libraries\FEHBattery.o
 .debug_abbrev  0x00001850      0x231 Drivers\FEHXBee.o
 .debug_abbrev  0x00001a81      0x2f3 Libraries\FEHMOM.o
 .debug_abbrev  0x00001d74       0xb5 R:\fehqt\Proteus/EWL/lib/armv7e-m\libc.a(sprintf.o)
 .debug_abbrev  0x00001e29       0xf4 R:\fehqt\Proteus/EWL/lib/armv7e-m\libc.a(vsnprintf.o)
 .debug_abbrev  0x00001f1d       0x8f R:\fehqt\Proteus/EWL/lib/armv7e-m\libc.a(exit.o)
 .debug_abbrev  0x00001fac       0x97 R:\fehqt\Proteus/EWL/lib/armv7e-m\libc.a(memcpy.o)
 .debug_abbrev  0x00002043       0x66 R:\fehqt\Proteus/EWL/lib/armv7e-m\libc.a(memset.o)
 .debug_abbrev  0x000020a9      0x204 R:\fehqt\Proteus/EWL/lib/armv7e-m\libc.a(printformat_.o)
 .debug_abbrev  0x000022ad      0x1fb R:\fehqt\Proteus/EWL/lib/armv7e-m\libc.a(scanformat_.o)
 .debug_abbrev  0x000024a8       0x9a R:\fehqt\Proteus/EWL/lib/armv7e-m\libc.a(ctype_aeabi.o)
 .debug_abbrev  0x00002542       0xc6 R:\fehqt\Proteus/EWL/lib/armv7e-m\libc.a(__strtoul.o)
 .debug_abbrev  0x00002608       0x8b R:\fehqt\Proteus/EWL/lib/armv7e-m\libc.a(__filll_mem.o)
 .debug_abbrev  0x00002693       0x99 R:\fehqt\Proteus/EWL/lib/armv7e-m\libc.a(memchr.o)
 .debug_abbrev  0x0000272c       0x8d R:\fehqt\Proteus/EWL/lib/armv7e-m\libc.a(strchr.o)
 .debug_abbrev  0x000027b9       0x7e R:\fehqt\Proteus/EWL/lib/armv7e-m\libc.a(strlen.o)
 .debug_abbrev  0x00002837       0x9d R:\fehqt\Proteus/EWL/lib/armv7e-m\librt.a(gcc_ctor_dtor.o)
 .debug_abbrev  0x000028d4      0x160 R:\fehqt\Proteus/EWL/lib/armv7e-m\librt.a(ROMCopy.o)
 .debug_abbrev  0x00002a34      0x1d0 R:\fehqt\Proteus/EWL/lib/armv7e-m\librt.a(__arm_eabi_init.o)

.debug_loc      0x00000000     0x4792
 .debug_loc     0x00000000       0x70 ..\main.o
 .debug_loc     0x00000070       0xb0 Startup\__arm_start.o
 .debug_loc     0x00000120       0x38 Startup\__arm_end.o
 .debug_loc     0x00000158       0x84 Startup\kinetis_sysinit.o
 .debug_loc     0x000001dc       0xe0 Drivers\uart.o
 .debug_loc     0x000002bc       0x38 Drivers\lptmr.o
 .debug_loc     0x000002f4       0x64 FEHProteus.o
 .debug_loc     0x00000358      0x118 Drivers\FEHPropeller.o
 .debug_loc     0x00000470      0x1a8 Libraries\FEHUtility.o
 .debug_loc     0x00000618      0x634 Libraries\FEHIO.o
 .debug_loc     0x00000c4c       0xa8 Drivers\adc16.o
 .debug_loc     0x00000cf4      0x304 Libraries\FEHBuzzer.o
 .debug_loc     0x00000ff8      0xc75 Libraries\FEHLCD.o
 .debug_loc     0x00001c6d       0xd4 Libraries\FEHBattery.o
 .debug_loc     0x00001d41      0x1c0 Drivers\FEHXBee.o
 .debug_loc     0x00001f01      0x3e6 Libraries\FEHMOM.o
 .debug_loc     0x000022e7       0x3f R:\fehqt\Proteus/EWL/lib/armv7e-m\libc.a(sprintf.o)
 .debug_loc     0x00002326      0x105 R:\fehqt\Proteus/EWL/lib/armv7e-m\libc.a(vsnprintf.o)
 .debug_loc     0x0000242b       0x3e R:\fehqt\Proteus/EWL/lib/armv7e-m\libc.a(exit.o)
 .debug_loc     0x00002469       0x46 R:\fehqt\Proteus/EWL/lib/armv7e-m\libc.a(memcpy.o)
 .debug_loc     0x000024af       0x64 R:\fehqt\Proteus/EWL/lib/armv7e-m\libc.a(memset.o)
 .debug_loc     0x00002513     0x106f R:\fehqt\Proteus/EWL/lib/armv7e-m\libc.a(printformat_.o)
 .debug_loc     0x00003582      0x8cb R:\fehqt\Proteus/EWL/lib/armv7e-m\libc.a(scanformat_.o)
 .debug_loc     0x00003e4d      0x18e R:\fehqt\Proteus/EWL/lib/armv7e-m\libc.a(ctype_aeabi.o)
 .debug_loc     0x00003fdb      0x2ad R:\fehqt\Proteus/EWL/lib/armv7e-m\libc.a(__strtoul.o)
 .debug_loc     0x00004288      0x12c R:\fehqt\Proteus/EWL/lib/armv7e-m\libc.a(__filll_mem.o)
 .debug_loc     0x000043b4       0x82 R:\fehqt\Proteus/EWL/lib/armv7e-m\libc.a(memchr.o)
 .debug_loc     0x00004436       0x78 R:\fehqt\Proteus/EWL/lib/armv7e-m\libc.a(strchr.o)
 .debug_loc     0x000044ae       0x31 R:\fehqt\Proteus/EWL/lib/armv7e-m\libc.a(strlen.o)
 .debug_loc     0x000044df       0xbe R:\fehqt\Proteus/EWL/lib/armv7e-m\librt.a(gcc_ctor_dtor.o)
 .debug_loc     0x0000459d       0x9b R:\fehqt\Proteus/EWL/lib/armv7e-m\librt.a(ROMCopy.o)
 .debug_loc     0x00004638      0x15a R:\fehqt\Proteus/EWL/lib/armv7e-m\librt.a(__arm_eabi_init.o)

.debug_aranges  0x00000000      0x970
 .debug_aranges
                0x00000000       0x28 ..\main.o
 .debug_aranges
                0x00000028       0x48 Startup\__arm_start.o
 .debug_aranges
                0x00000070       0x20 Startup\__arm_end.o
 .debug_aranges
                0x00000090       0x30 Startup\kinetis_sysinit.o
 .debug_aranges
                0x000000c0       0x38 Drivers\uart.o
 .debug_aranges
                0x000000f8       0x20 Drivers\lptmr.o
 .debug_aranges
                0x00000118       0x28 FEHProteus.o
 .debug_aranges
                0x00000140       0x40 Drivers\FEHPropeller.o
 .debug_aranges
                0x00000180       0x58 Libraries\FEHUtility.o
 .debug_aranges
                0x000001d8      0x100 Libraries\FEHIO.o
 .debug_aranges
                0x000002d8       0x30 Drivers\adc16.o
 .debug_aranges
                0x00000308       0x88 Libraries\FEHBuzzer.o
 .debug_aranges
                0x00000390      0x1e0 Libraries\FEHLCD.o
 .debug_aranges
                0x00000570       0x38 Libraries\FEHBattery.o
 .debug_aranges
                0x000005a8       0x58 Drivers\FEHXBee.o
 .debug_aranges
                0x00000600       0xa8 Libraries\FEHMOM.o
 .debug_aranges
                0x000006a8       0x20 R:\fehqt\Proteus/EWL/lib/armv7e-m\libc.a(sprintf.o)
 .debug_aranges
                0x000006c8       0x28 R:\fehqt\Proteus/EWL/lib/armv7e-m\libc.a(vsnprintf.o)
 .debug_aranges
                0x000006f0       0x20 R:\fehqt\Proteus/EWL/lib/armv7e-m\libc.a(exit.o)
 .debug_aranges
                0x00000710       0x20 R:\fehqt\Proteus/EWL/lib/armv7e-m\libc.a(memcpy.o)
 .debug_aranges
                0x00000730       0x20 R:\fehqt\Proteus/EWL/lib/armv7e-m\libc.a(memset.o)
 .debug_aranges
                0x00000750       0x28 R:\fehqt\Proteus/EWL/lib/armv7e-m\libc.a(printformat_.o)
 .debug_aranges
                0x00000778       0x20 R:\fehqt\Proteus/EWL/lib/armv7e-m\libc.a(scanformat_.o)
 .debug_aranges
                0x00000798       0x88 R:\fehqt\Proteus/EWL/lib/armv7e-m\libc.a(ctype_aeabi.o)
 .debug_aranges
                0x00000820       0x20 R:\fehqt\Proteus/EWL/lib/armv7e-m\libc.a(__strtoul.o)
 .debug_aranges
                0x00000840       0x20 R:\fehqt\Proteus/EWL/lib/armv7e-m\libc.a(__filll_mem.o)
 .debug_aranges
                0x00000860       0x20 R:\fehqt\Proteus/EWL/lib/armv7e-m\libc.a(memchr.o)
 .debug_aranges
                0x00000880       0x20 R:\fehqt\Proteus/EWL/lib/armv7e-m\libc.a(strchr.o)
 .debug_aranges
                0x000008a0       0x20 R:\fehqt\Proteus/EWL/lib/armv7e-m\libc.a(strlen.o)
 .debug_aranges
                0x000008c0       0x28 R:\fehqt\Proteus/EWL/lib/armv7e-m\librt.a(gcc_ctor_dtor.o)
 .debug_aranges
                0x000008e8       0x30 R:\fehqt\Proteus/EWL/lib/armv7e-m\librt.a(ROMCopy.o)
 .debug_aranges
                0x00000918       0x58 R:\fehqt\Proteus/EWL/lib/armv7e-m\librt.a(__arm_eabi_init.o)

.debug_line     0x00000000     0x4756
 .debug_line    0x00000000      0x257 ..\main.o
 .debug_line    0x00000257      0x369 Startup\__arm_start.o
 .debug_line    0x000005c0      0x21a Startup\__arm_end.o
 .debug_line    0x000007da      0x1e7 Startup\kinetis_sysinit.o
 .debug_line    0x000009c1      0x212 Drivers\uart.o
 .debug_line    0x00000bd3      0x1c0 Drivers\lptmr.o
 .debug_line    0x00000d93      0x1da FEHProteus.o
 .debug_line    0x00000f6d      0x264 Drivers\FEHPropeller.o
 .debug_line    0x000011d1      0x282 Libraries\FEHUtility.o
 .debug_line    0x00001453      0x545 Libraries\FEHIO.o
 .debug_line    0x00001998      0x20f Drivers\adc16.o
 .debug_line    0x00001ba7      0x2df Libraries\FEHBuzzer.o
 .debug_line    0x00001e86      0xdb7 Libraries\FEHLCD.o
 .debug_line    0x00002c3d      0x218 Libraries\FEHBattery.o
 .debug_line    0x00002e55      0x303 Drivers\FEHXBee.o
 .debug_line    0x00003158      0x4e3 Libraries\FEHMOM.o
 .debug_line    0x0000363b       0x94 R:\fehqt\Proteus/EWL/lib/armv7e-m\libc.a(sprintf.o)
 .debug_line    0x000036cf       0xd2 R:\fehqt\Proteus/EWL/lib/armv7e-m\libc.a(vsnprintf.o)
 .debug_line    0x000037a1       0x94 R:\fehqt\Proteus/EWL/lib/armv7e-m\libc.a(exit.o)
 .debug_line    0x00003835       0x8d R:\fehqt\Proteus/EWL/lib/armv7e-m\libc.a(memcpy.o)
 .debug_line    0x000038c2       0x8f R:\fehqt\Proteus/EWL/lib/armv7e-m\libc.a(memset.o)
 .debug_line    0x00003951      0x2c6 R:\fehqt\Proteus/EWL/lib/armv7e-m\libc.a(printformat_.o)
 .debug_line    0x00003c17      0x2e3 R:\fehqt\Proteus/EWL/lib/armv7e-m\libc.a(scanformat_.o)
 .debug_line    0x00003efa      0x1dd R:\fehqt\Proteus/EWL/lib/armv7e-m\libc.a(ctype_aeabi.o)
 .debug_line    0x000040d7      0x141 R:\fehqt\Proteus/EWL/lib/armv7e-m\libc.a(__strtoul.o)
 .debug_line    0x00004218      0x121 R:\fehqt\Proteus/EWL/lib/armv7e-m\libc.a(__filll_mem.o)
 .debug_line    0x00004339       0xa3 R:\fehqt\Proteus/EWL/lib/armv7e-m\libc.a(memchr.o)
 .debug_line    0x000043dc       0x84 R:\fehqt\Proteus/EWL/lib/armv7e-m\libc.a(strchr.o)
 .debug_line    0x00004460       0x89 R:\fehqt\Proteus/EWL/lib/armv7e-m\libc.a(strlen.o)
 .debug_line    0x000044e9       0x94 R:\fehqt\Proteus/EWL/lib/armv7e-m\librt.a(gcc_ctor_dtor.o)
 .debug_line    0x0000457d       0xc0 R:\fehqt\Proteus/EWL/lib/armv7e-m\librt.a(ROMCopy.o)
 .debug_line    0x0000463d      0x119 R:\fehqt\Proteus/EWL/lib/armv7e-m\librt.a(__arm_eabi_init.o)

.debug_macinfo  0x00000000   0x5d3db3
 .debug_macinfo
                0x00000000    0x6371d ..\main.o
 .debug_macinfo
                0x0006371d    0x63bda Startup\__arm_start.o
 .debug_macinfo
                0x000c72f7     0x3464 Startup\__arm_end.o
 .debug_macinfo
                0x000ca75b    0x63036 Startup\kinetis_sysinit.o
 .debug_macinfo
                0x0012d791    0x62fc7 Drivers\uart.o
 .debug_macinfo
                0x00190758    0x63036 Drivers\lptmr.o
 .debug_macinfo
                0x001f378e    0x62fdc FEHProteus.o
 .debug_macinfo
                0x0025676a    0x63085 Drivers\FEHPropeller.o
 .debug_macinfo
                0x002b97ef    0x62ff1 Libraries\FEHUtility.o
 .debug_macinfo
                0x0031c7e0    0x63695 Libraries\FEHIO.o
 .debug_macinfo
                0x0037fe75    0x63678 Drivers\adc16.o
 .debug_macinfo
                0x003e34ed    0x6301e Libraries\FEHBuzzer.o
 .debug_macinfo
                0x0044650b    0x638bc Libraries\FEHLCD.o
 .debug_macinfo
                0x004a9dc7    0x636a3 Libraries\FEHBattery.o
 .debug_macinfo
                0x0050d46a    0x6313b Drivers\FEHXBee.o
 .debug_macinfo
                0x005705a5    0x6380e Libraries\FEHMOM.o

.debug_str      0x00000000     0x2d3e
 .debug_str     0x00000000      0xc97 ..\main.o
                                0xd1d (size before relaxing)
 .debug_str     0x00000c97      0x369 Startup\__arm_start.o
                                0xd42 (size before relaxing)
 .debug_str     0x00001000       0x2a Startup\__arm_end.o
                                 0xac (size before relaxing)
 .debug_str     0x0000102a      0x15d Startup\kinetis_sysinit.o
                                0x2c1 (size before relaxing)
 .debug_str     0x00001187      0x188 Drivers\uart.o
                                0x341 (size before relaxing)
 .debug_str     0x0000130f       0x61 Drivers\lptmr.o
                                0x1fa (size before relaxing)
 .debug_str     0x00001370       0x6c FEHProteus.o
                                0x246 (size before relaxing)
 .debug_str     0x000013dc       0x2f Drivers\FEHPropeller.o
                                0x387 (size before relaxing)
 .debug_str     0x0000140b       0xc0 Libraries\FEHUtility.o
                                0x1cb (size before relaxing)
 .debug_str     0x000014cb      0x530 Libraries\FEHIO.o
                                0xa37 (size before relaxing)
 .debug_str     0x000019fb       0xdd Drivers\adc16.o
                                0x28b (size before relaxing)
 .debug_str     0x00001ad8      0x1b0 Libraries\FEHBuzzer.o
                                0x39d (size before relaxing)
 .debug_str     0x00001c88      0x228 Libraries\FEHLCD.o
                                0xd4e (size before relaxing)
 .debug_str     0x00001eb0       0x5d Libraries\FEHBattery.o
                                0x350 (size before relaxing)
 .debug_str     0x00001f0d      0x1f6 Drivers\FEHXBee.o
                                0x536 (size before relaxing)
 .debug_str     0x00002103      0x2c7 Libraries\FEHMOM.o
                               0x10b6 (size before relaxing)
 .debug_str     0x000023ca       0xbf R:\fehqt\Proteus/EWL/lib/armv7e-m\libc.a(sprintf.o)
                                0x15a (size before relaxing)
 .debug_str     0x00002489       0x83 R:\fehqt\Proteus/EWL/lib/armv7e-m\libc.a(vsnprintf.o)
                                0x1c3 (size before relaxing)
 .debug_str     0x0000250c       0x2e R:\fehqt\Proteus/EWL/lib/armv7e-m\libc.a(exit.o)
                                0x14e (size before relaxing)
 .debug_str     0x0000253a       0x1c R:\fehqt\Proteus/EWL/lib/armv7e-m\libc.a(memcpy.o)
                                0x138 (size before relaxing)
 .debug_str     0x00002556       0x1c R:\fehqt\Proteus/EWL/lib/armv7e-m\libc.a(memset.o)
                                0x140 (size before relaxing)
 .debug_str     0x00002572      0x22c R:\fehqt\Proteus/EWL/lib/armv7e-m\libc.a(printformat_.o)
                                0x3aa (size before relaxing)
 .debug_str     0x0000279e      0x176 R:\fehqt\Proteus/EWL/lib/armv7e-m\libc.a(scanformat_.o)
                                0x3f0 (size before relaxing)
 .debug_str     0x00002914       0x9d R:\fehqt\Proteus/EWL/lib/armv7e-m\libc.a(ctype_aeabi.o)
                                0x1b3 (size before relaxing)
 .debug_str     0x000029b1       0x5b R:\fehqt\Proteus/EWL/lib/armv7e-m\libc.a(__strtoul.o)
                                0x1f2 (size before relaxing)
 .debug_str     0x00002a0c       0x25 R:\fehqt\Proteus/EWL/lib/armv7e-m\libc.a(__filll_mem.o)
                                0x152 (size before relaxing)
 .debug_str     0x00002a31       0x1c R:\fehqt\Proteus/EWL/lib/armv7e-m\libc.a(memchr.o)
                                0x148 (size before relaxing)
 .debug_str     0x00002a4d       0x1c R:\fehqt\Proteus/EWL/lib/armv7e-m\libc.a(strchr.o)
                                0x137 (size before relaxing)
 .debug_str     0x00002a69       0x1c R:\fehqt\Proteus/EWL/lib/armv7e-m\libc.a(strlen.o)
                                0x140 (size before relaxing)
 .debug_str     0x00002a85      0x126 R:\fehqt\Proteus/EWL/lib/armv7e-m\librt.a(gcc_ctor_dtor.o)
                                0x185 (size before relaxing)
 .debug_str     0x00002bab       0x9b R:\fehqt\Proteus/EWL/lib/armv7e-m\librt.a(ROMCopy.o)
                                0x140 (size before relaxing)
 .debug_str     0x00002c46       0xf8 R:\fehqt\Proteus/EWL/lib/armv7e-m\librt.a(__arm_eabi_init.o)
                                0x1ac (size before relaxing)

.comment        0x00000000       0x79
 .comment       0x00000000       0x79 ..\main.o
                                 0x7a (size before relaxing)
 .comment       0x00000000       0x7a Startup\__arm_start.o
 .comment       0x00000000       0x7a Startup\__arm_end.o
 .comment       0x00000000       0x7a Startup\kinetis_sysinit.o
 .comment       0x00000000       0x7a Drivers\uart.o
 .comment       0x00000000       0x7a Drivers\lptmr.o
 .comment       0x00000000       0x7a FEHProteus.o
 .comment       0x00000000       0x7a Drivers\FEHPropeller.o
 .comment       0x00000000       0x7a Libraries\FEHUtility.o
 .comment       0x00000000       0x7a Libraries\FEHIO.o
 .comment       0x00000000       0x7a Drivers\adc16.o
 .comment       0x00000000       0x7a Libraries\FEHBuzzer.o
 .comment       0x00000000       0x7a Libraries\FEHLCD.o
 .comment       0x00000000       0x7a Libraries\FEHBattery.o
 .comment       0x00000000       0x7a Drivers\FEHXBee.o
 .comment       0x00000000       0x7a Libraries\FEHMOM.o
 .comment       0x00000000       0x7a R:\fehqt\Proteus/EWL/lib/armv7e-m\libc.a(sprintf.o)
 .comment       0x00000000       0x7a R:\fehqt\Proteus/EWL/lib/armv7e-m\libc.a(vsnprintf.o)
 .comment       0x00000000       0x7a R:\fehqt\Proteus/EWL/lib/armv7e-m\libc.a(exit.o)
 .comment       0x00000000       0x7a R:\fehqt\Proteus/EWL/lib/armv7e-m\libc.a(memcpy.o)
 .comment       0x00000000       0x7a R:\fehqt\Proteus/EWL/lib/armv7e-m\libc.a(memset.o)
 .comment       0x00000000       0x7a R:\fehqt\Proteus/EWL/lib/armv7e-m\libc.a(printformat_.o)
 .comment       0x00000000       0x7a R:\fehqt\Proteus/EWL/lib/armv7e-m\libc.a(scanformat_.o)
 .comment       0x00000000       0x7a R:\fehqt\Proteus/EWL/lib/armv7e-m\libc.a(ctype_aeabi.o)
 .comment       0x00000000       0x7a R:\fehqt\Proteus/EWL/lib/armv7e-m\libc.a(__strtoul.o)
 .comment       0x00000000       0x7a R:\fehqt\Proteus/EWL/lib/armv7e-m\libc.a(__filll_mem.o)
 .comment       0x00000000       0x7a R:\fehqt\Proteus/EWL/lib/armv7e-m\libc.a(memchr.o)
 .comment       0x00000000       0x7a R:\fehqt\Proteus/EWL/lib/armv7e-m\libc.a(strchr.o)
 .comment       0x00000000       0x7a R:\fehqt\Proteus/EWL/lib/armv7e-m\libc.a(strlen.o)
 .comment       0x00000000       0x7a R:\fehqt\Proteus/EWL/lib/armv7e-m\librt.a(gcc_ctor_dtor.o)
 .comment       0x00000000       0x7a R:\fehqt\Proteus/EWL/lib/armv7e-m\librt.a(ROMCopy.o)
 .comment       0x00000000       0x7a R:\fehqt\Proteus/EWL/lib/armv7e-m\librt.a(__arm_eabi_init.o)

.debug_frame    0x00000000     0x18f0
 .debug_frame   0x00000000       0x50 ..\main.o
 .debug_frame   0x00000050       0x98 Startup\__arm_start.o
 .debug_frame   0x000000e8       0x2c Startup\__arm_end.o
 .debug_frame   0x00000114       0x58 Startup\kinetis_sysinit.o
 .debug_frame   0x0000016c       0x84 Drivers\uart.o
 .debug_frame   0x000001f0       0x2c Drivers\lptmr.o
 .debug_frame   0x0000021c       0x4c FEHProteus.o
 .debug_frame   0x00000268       0xa8 Drivers\FEHPropeller.o
 .debug_frame   0x00000310       0xf8 Libraries\FEHUtility.o
 .debug_frame   0x00000408      0x37c Libraries\FEHIO.o
 .debug_frame   0x00000784       0x64 Drivers\adc16.o
 .debug_frame   0x000007e8      0x1c8 Libraries\FEHBuzzer.o
 .debug_frame   0x000009b0      0x700 Libraries\FEHLCD.o
 .debug_frame   0x000010b0       0x8c Libraries\FEHBattery.o
 .debug_frame   0x0000113c       0xfc Drivers\FEHXBee.o
 .debug_frame   0x00001238      0x224 Libraries\FEHMOM.o
 .debug_frame   0x0000145c       0x34 R:\fehqt\Proteus/EWL/lib/armv7e-m\libc.a(sprintf.o)
 .debug_frame   0x00001490       0x4c R:\fehqt\Proteus/EWL/lib/armv7e-m\libc.a(vsnprintf.o)
 .debug_frame   0x000014dc       0x28 R:\fehqt\Proteus/EWL/lib/armv7e-m\libc.a(exit.o)
 .debug_frame   0x00001504       0x28 R:\fehqt\Proteus/EWL/lib/armv7e-m\libc.a(memcpy.o)
 .debug_frame   0x0000152c       0x28 R:\fehqt\Proteus/EWL/lib/armv7e-m\libc.a(memset.o)
 .debug_frame   0x00001554       0x64 R:\fehqt\Proteus/EWL/lib/armv7e-m\libc.a(printformat_.o)
 .debug_frame   0x000015b8       0x3c R:\fehqt\Proteus/EWL/lib/armv7e-m\libc.a(scanformat_.o)
 .debug_frame   0x000015f4       0xf0 R:\fehqt\Proteus/EWL/lib/armv7e-m\libc.a(ctype_aeabi.o)
 .debug_frame   0x000016e4       0x3c R:\fehqt\Proteus/EWL/lib/armv7e-m\libc.a(__strtoul.o)
 .debug_frame   0x00001720       0x2c R:\fehqt\Proteus/EWL/lib/armv7e-m\libc.a(__filll_mem.o)
 .debug_frame   0x0000174c       0x28 R:\fehqt\Proteus/EWL/lib/armv7e-m\libc.a(memchr.o)
 .debug_frame   0x00001774       0x20 R:\fehqt\Proteus/EWL/lib/armv7e-m\libc.a(strchr.o)
 .debug_frame   0x00001794       0x20 R:\fehqt\Proteus/EWL/lib/armv7e-m\libc.a(strlen.o)
 .debug_frame   0x000017b4       0x48 R:\fehqt\Proteus/EWL/lib/armv7e-m\librt.a(gcc_ctor_dtor.o)
 .debug_frame   0x000017fc       0x48 R:\fehqt\Proteus/EWL/lib/armv7e-m\librt.a(ROMCopy.o)
 .debug_frame   0x00001844       0xac R:\fehqt\Proteus/EWL/lib/armv7e-m\librt.a(__arm_eabi_init.o)
